<!doctype html>
<html>
  <head>
    <meta content="hope-these-qoutes-don't-change" />
  </head>
  <body>
    A string with double-quotes("quotes"), single-quotes('singles'),
    apostrophes (you're), em--dashes, and the&nbsp;ellipses...
    <p>
      A paragraph with double-quotes("quotes"),
      single-quotes('singles'), apostrophes (you're), em--dashes,
      and the&nbsp;ellipses...
    </p>
    <div class="tag-with-attribute">
      A div sentence with double-quotes("quotes"),
      single-quotes('singles'), apostrophes (you're), em--dashes,
      and the&nbsp;ellipses...
    </div>
    <ul>
      <li>A "nested" example, hope it&nbsp;works...</li>
      <li>Never ending a&nbsp;sentence...</li>
    </ul>
    <p>
      Don't forget non-custom&nbsp;replacements!
    </p>
    <p>"Quoted text with&nbsp;an <em>emphasis</em>."</p>
  </body>
</html>
